// Jest Snapshot v1, https://goo.gl/fbAQLP

exports[`<PlaceCardMain/> should render "Tiny apartment" 1`] = `
<article
  className="cities__place-card place-card"
  onMouseEnter={[Function]}
  onMouseLeave={[Function]}
>
  <div
    className="place-card__mark"
  >
    <span>
      Premium
    </span>
  </div>
  <div
    className="cities__image-wrapper place-card__image-wrapper"
  >
    <a
      href="#"
    >
      <img
        alt="Place image"
        className="place-card__image"
        height="200"
        src="img/apartment-03.jpg"
        width="260"
      />
    </a>
  </div>
  <div
    className="place-card__info"
  >
    <div
      className="place-card__price-wrapper"
    >
      <div
        className="place-card__price"
      >
        <b
          className="place-card__price-value"
        >
          €
          70
        </b>
        <span
          className="place-card__price-text"
        >
          / night
        </span>
      </div>
      <button
        className="place-card__bookmark-button place-card__bookmark-button--active button"
        type="button"
      >
        <svg
          className="place-card__bookmark-icon"
          height="19"
          width="18"
        >
          <use
            href="#icon-bookmark"
          />
        </svg>
        <span
          className="visually-hidden"
        >
          In bookmarks
        </span>
      </button>
    </div>
    <div
      className="place-card__rating rating"
    >
      <div
        className="place-card__stars rating__stars"
      >
        <span
          style={
            Object {
              "width": "80%",
            }
          }
        />
        <span
          className="visually-hidden"
        >
          Rating
        </span>
      </div>
    </div>
    <h2
      className="place-card__name"
    >
      <a
        href="/dev-place-page"
        onClick={[MockFunction]}
      >
        Tiny apartment
      </a>
    </h2>
    <p
      className="place-card__type"
    >
      Apartment
    </p>
  </div>
</article>
`;
