// Jest Snapshot v1, https://goo.gl/fbAQLP

exports[`<CityMap/> should return a Leaflet container 1`] = `
<section
  className="cities__map map"
>
  <div
    id="mapid"
    style={
      Object {
        "height": "100%",
        "width": "100%",
      }
    }
  />
</section>
`;
