// Jest Snapshot v1, https://goo.gl/fbAQLP

exports[`<App/> should return the whole page with 54 matches and 3 places displayed 1`] = `null`;
